Microchip MPLAB XC8 Compiler V2.32

Linker command line:

-W-3 --edf=C:\Program Files\Microchip\xc8\v2.32\pic\dat\en_msgs.txt -cn \
  -h+dist/default/production\miniproject.X.production.sym \
  --cmf=dist/default/production\miniproject.X.production.cmf -z -Q16F887 \
  -oC:\Users\user\AppData\Local\Temp\xcAs5so.4 --defsym=__MPLAB_BUILD=1 \
  -Mdist/default/production/miniproject.X.production.map -E1 \
  -ver=XC8 Compiler --acfsm=1493 -ASTACK=0110h-016Fh -pstack=STACK \
  -ACODE=00h-07FFhx4 -ASTRCODE=00h-01FFFh -ASTRING=00h-0FFhx32 \
  -ACONST=00h-0FFhx32 -AENTRY=00h-0FFhx32 -ACOMMON=070h-07Fh \
  -ABANK0=020h-06Fh -ABANK1=0A0h-0EFh -ABANK2=0110h-016Fh \
  -ABANK3=0190h-01EFh -ARAM=020h-06Fh,0A0h-0EFh,0110h-016Fh,0190h-01EFh \
  -AABS1=020h-07Fh,0A0h-0EFh,0110h-016Fh,0190h-01EFh -ASFR0=00h-01Fh \
  -ASFR1=080h-09Fh -ASFR2=0100h-010Fh -ASFR3=0180h-018Fh \
  -ACONFIG=02007h-02008h -DCONFIG=2 -AIDLOC=02000h-02003h -DIDLOC=2 \
  -AEEDATA=00h-0FFh/02100h -peeprom_data=EEDATA -DEEDATA=2 -DCODE=2 \
  -DSTRCODE=2 -DSTRING=2 -DCONST=2 -DENTRY=2 \
  -preset_vec=00h,intentry,init,end_init -ppowerup=CODE -pcinit=CODE \
  -pfunctab=ENTRY -k C:\Users\user\AppData\Local\Temp\xcAs5so.o \
  dist/default/production\miniproject.X.production.o 

Object code version is 3.11

Machine type is 16F887



                Name                               Link     Load   Length Selector   Space Scale
C:\Users\user\AppData\Local\Temp\xcAs5so.o
                end_init                              0        0        3        0       0
                config                             2007     2007        2        0       4
dist/default/production\miniproject.X.production.o
                cinit                               7F8      7F8        8      FF0       0
                config                             2007     2007        2        0       4
                text7                               556      556       22      AAC       0
                text6                               53C      53C       1A      A78       0
                text5                               52F      52F        D      A5E       0
                text4                               628      628       5D      C50       0
                text3                               5D6      5D6       52      BAC       0
                text2                               59D      59D       39      B3A       0
                text1                               578      578       25      AF0       0
                maintext                            685      685      173      D0A       0
                cstackCOMMON                         70       70        E       70       1
                bssBANK0                             20       20        2       20       1
                strings                               3        3       3F        6       0

TOTAL           Name                               Link     Load   Length     Space
        CLASS   STACK          

        CLASS   CODE           
                end_init                              0        0        3         0
                cinit                               7F8      7F8        8         0
                text7                               556      556       22         0
                text6                               53C      53C       1A         0
                text5                               52F      52F        D         0
                text4                               628      628       5D         0
                text3                               5D6      5D6       52         0
                text2                               59D      59D       39         0
                text1                               578      578       25         0
                maintext                            685      685      173         0

        CLASS   STRCODE        

        CLASS   STRING         
                strings                               3        3       3F         0

        CLASS   CONST          

        CLASS   ENTRY          

        CLASS   COMMON         
                cstackCOMMON                         70       70        E         1

        CLASS   BANK0          
                bssBANK0                             20       20        2         1

        CLASS   BANK1          

        CLASS   BANK2          

        CLASS   BANK3          

        CLASS   RAM            

        CLASS   ABS1           
                abs_s1                               7E       7E        2         1

        CLASS   SFR0           

        CLASS   SFR1           

        CLASS   SFR2           

        CLASS   SFR3           

        CLASS   CONFIG         
                config                             2007     2007        2         4

        CLASS   IDLOC          

        CLASS   EEDATA         



SEGMENTS        Name                           Load    Length   Top    Selector   Space  Class     Delta

                reset_vec                      000000  000003  000003         0       0  CODE        2
                strings                        000003  00003F  000042         6       0  STRING      2
                bssBANK0                       000020  000002  000022        20       1  BANK0       1
                cstackCOMMON                   000070  00000E  00007E        70       1  COMMON      1
                text5                          00052F  00000D  00053C       A5E       0  CODE        2
                text6                          00053C  00001A  000556       A78       0  CODE        2
                text7                          000556  000022  000578       AAC       0  CODE        2
                text1                          000578  000025  00059D       AF0       0  CODE        2
                text2                          00059D  000039  0005D6       B3A       0  CODE        2
                text3                          0005D6  000052  000628       BAC       0  CODE        2
                text4                          000628  00005D  000685       C50       0  CODE        2
                maintext                       000685  000173  0007F8       D0A       0  CODE        2
                cinit                          0007F8  000008  000800       FF0       0  CODE        2


UNUSED ADDRESS RANGES

        Name                Unused          Largest block    Delta
        BANK0            0022-006F             4E           1
        BANK1            00A0-00EF             50           1
        BANK2            0110-016F             60           1
        BANK3            0190-01EF             60           1
        CODE             0042-052E            4ED           2
                         0800-1FFF            800
        CONST            0042-052E            100           2
                         0800-1FFF            100
        EEDATA           2100-21FF            100           2
        ENTRY            0042-052E            100           2
                         0800-1FFF            100
        IDLOC            2000-2003              4           2
        RAM              0022-006F             4E           1
                         00A0-00EF             50
                         0110-016F             60
                         0190-01EF             60
        SFR0             0000-001F             20           1
        SFR1             0080-009F             20           1
        SFR2             0100-010F             10           1
        SFR3             0180-018F             10           1
        STACK            0110-016F             60           1
        STRCODE          0042-052E            4ED           2
                         0800-1FFF           1800
        STRING           0042-052E            100           2
                         0800-1FFF            100

                                  Symbol Table

Lcd_Cmd@a                  cstackCOMMON 0073
Lcd_Port@a                 cstackCOMMON 0070
Lcd_Set_Cursor@a           cstackCOMMON 0077
Lcd_Set_Cursor@b           cstackCOMMON 0074
Lcd_Set_Cursor@temp        cstackCOMMON 007A
Lcd_Set_Cursor@y           cstackCOMMON 0079
Lcd_Set_Cursor@z           cstackCOMMON 0078
Lcd_Write_Char@a           cstackCOMMON 0074
Lcd_Write_Char@temp        cstackCOMMON 0072
Lcd_Write_Char@y           cstackCOMMON 0073
Lcd_Write_String@a         cstackCOMMON 0077
Lcd_Write_String@i         cstackCOMMON 0075
_ANSEL                     (abs)        0188
_ANSELH                    (abs)        0189
_Lcd_Clear                 text5        052F
_Lcd_Cmd                   text6        053C
_Lcd_Init                  text4        0628
_Lcd_Port                  text7        0556
_Lcd_Set_Cursor            text3        05D6
_Lcd_Write_Char            text2        059D
_Lcd_Write_String          text1        0578
_OSCCON                    (abs)        008F
_PORTAbits                 (abs)        0005
_PORTBbits                 (abs)        0006
_PORTCbits                 (abs)        0007
_PORTDbits                 (abs)        0008
_PORTEbits                 (abs)        0009
_TRISA                     (abs)        0085
_TRISB                     (abs)        0086
_TRISC                     (abs)        0087
_TRISD                     (abs)        0088
__Habs1                    abs1         0000
__Hbank0                   bank0        0000
__Hbank1                   bank1        0000
__Hbank2                   bank2        0000
__Hbank3                   bank3        0000
__HbssBANK0                bssBANK0     0000
__Hcinit                   cinit        0800
__Hclrtext                 clrtext      0000
__Hcode                    code         0000
__Hcommon                  common       0000
__Hconfig                  config       2009
__HcstackCOMMON            cstackCOMMON 0000
__Heeprom_data             eeprom_data  0000
__Hend_init                end_init     0003
__Hfunctab                 functab      0000
__Hinit                    init         0000
__Hintentry                intentry     0000
__Hmaintext                maintext     0000
__Hpowerup                 powerup      0000
__Hram                     ram          0000
__Hreset_vec               reset_vec    0000
__Hsfr0                    sfr0         0000
__Hsfr1                    sfr1         0000
__Hsfr2                    sfr2         0000
__Hsfr3                    sfr3         0000
__Hspace_0                 (abs)        0800
__Hspace_1                 (abs)        007E
__Hspace_2                 (abs)        0000
__Hspace_3                 (abs)        0000
__Hspace_4                 (abs)        4010
__Hstack                   stack        0000
__Hstrings                 strings      0000
__Htext                    text         0000
__Labs1                    abs1         0000
__Lbank0                   bank0        0000
__Lbank1                   bank1        0000
__Lbank2                   bank2        0000
__Lbank3                   bank3        0000
__LbssBANK0                bssBANK0     0000
__Lcinit                   cinit        07F8
__Lclrtext                 clrtext      0000
__Lcode                    code         0000
__Lcommon                  common       0000
__Lconfig                  config       0000
__LcstackCOMMON            cstackCOMMON 0000
__Leeprom_data             eeprom_data  0000
__Lend_init                end_init     0000
__Lfunctab                 functab      0000
__Linit                    init         0000
__Lintentry                intentry     0000
__Lmaintext                maintext     0000
__Lpowerup                 powerup      0000
__Lram                     ram          0000
__Lreset_vec               reset_vec    0000
__Lsfr0                    sfr0         0000
__Lsfr1                    sfr1         0000
__Lsfr2                    sfr2         0000
__Lsfr3                    sfr3         0000
__Lspace_0                 (abs)        0000
__Lspace_1                 (abs)        0000
__Lspace_2                 (abs)        0000
__Lspace_3                 (abs)        0000
__Lspace_4                 (abs)        0000
__Lstack                   stack        0000
__Lstrings                 strings      0000
__Ltext                    text         0000
__S0                       (abs)        0800
__S1                       (abs)        007E
__S2                       (abs)        0000
__S3                       (abs)        0000
___int_sp                  stack        0000
___latbits                 (abs)        0002
___sp                      stack        0000
___stackhi                 (abs)        0000
___stacklo                 (abs)        0000
__end_of_Lcd_Clear         text5        053C
__end_of_Lcd_Cmd           text6        0556
__end_of_Lcd_Init          text4        0685
__end_of_Lcd_Port          text7        0578
__end_of_Lcd_Set_Cursor    text3        0628
__end_of_Lcd_Write_Char    text2        05D6
__end_of_Lcd_Write_String  text1        059D
__end_of__initialization   cinit        07FC
__end_of__stringtab        strings      0009
__end_of_main              maintext     07F8
__initialization           cinit        07F8
__pbssBANK0                bssBANK0     0020
__pcstackCOMMON            cstackCOMMON 0070
__pmaintext                maintext     0685
__pstrings                 strings      0003
__ptext1                   text1        0578
__ptext2                   text2        059D
__ptext3                   text3        05D6
__ptext4                   text4        0628
__ptext5                   text5        052F
__ptext6                   text6        053C
__ptext7                   text7        0556
__size_of_Lcd_Clear        (abs)        0000
__size_of_Lcd_Cmd          (abs)        0000
__size_of_Lcd_Init         (abs)        0000
__size_of_Lcd_Port         (abs)        0000
__size_of_Lcd_Set_Cursor   (abs)        0000
__size_of_Lcd_Write_Char   (abs)        0000
__size_of_Lcd_Write_String (abs)        0000
__size_of_main             (abs)        0000
__stringbase               strings      0008
__stringtab                strings      0003
_main                      maintext     0685
btemp                      (abs)        007E
end_of_initialization      cinit        07FC
intlevel0                  functab      0000
intlevel1                  functab      0000
intlevel2                  functab      0000
intlevel3                  functab      0000
intlevel4                  functab      0000
intlevel5                  functab      0000
reset_vec                  reset_vec    0000
start                      init         0000
start_initialization       cinit        07F8
wtemp0                     (abs)        007E


MODULE INFORMATION

Module		Function		Class		Link	Load	Size
./lcd.h
		_Lcd_Write_String		CODE           	0578	0000	37
		_Lcd_Init      		CODE           	0628	0000	93
		_Lcd_Write_Char		CODE           	059D	0000	57
		_Lcd_Cmd       		CODE           	053C	0000	26
		_Lcd_Set_Cursor		CODE           	05D6	0000	82
		_Lcd_Clear     		CODE           	052F	0000	13
		_Lcd_Port      		CODE           	0556	0000	34

./lcd.h estimated size: 342

miniproject.c
		_main          		CODE           	0685	0000	371

miniproject.c estimated size: 371

shared
		__stringtab    		STRING         	0003	0000	6
		__initialization		CODE           	07F8	0000	4

shared estimated size: 10

