Microchip MPLAB XC8 Compiler V2.32

Linker command line:

-W-3 --edf=C:\Program Files\Microchip\xc8\v2.32\pic\dat\en_msgs.txt -cn \
  -h+dist/default/production\miniproj3.X.production.sym \
  --cmf=dist/default/production\miniproj3.X.production.cmf -z -Q16F887 \
  -oC:\Users\user\AppData\Local\Temp\xcAs62o.4 --defsym=__MPLAB_BUILD=1 \
  -Mdist/default/production/miniproj3.X.production.map -E1 \
  -ver=XC8 Compiler --acfsm=1493 -ASTACK=0110h-016Fh -pstack=STACK \
  -ACODE=00h-07FFhx4 -ASTRCODE=00h-01FFFh -ASTRING=00h-0FFhx32 \
  -ACONST=00h-0FFhx32 -AENTRY=00h-0FFhx32 -ACOMMON=070h-07Fh \
  -ABANK0=020h-06Fh -ABANK1=0A0h-0EFh -ABANK2=0110h-016Fh \
  -ABANK3=0190h-01EFh -ARAM=020h-06Fh,0A0h-0EFh,0110h-016Fh,0190h-01EFh \
  -AABS1=020h-07Fh,0A0h-0EFh,0110h-016Fh,0190h-01EFh -ASFR0=00h-01Fh \
  -ASFR1=080h-09Fh -ASFR2=0100h-010Fh -ASFR3=0180h-018Fh \
  -ACONFIG=02007h-02008h -DCONFIG=2 -AIDLOC=02000h-02003h -DIDLOC=2 \
  -AEEDATA=00h-0FFh/02100h -peeprom_data=EEDATA -DEEDATA=2 -DCODE=2 \
  -DSTRCODE=2 -DSTRING=2 -DCONST=2 -DENTRY=2 \
  -preset_vec=00h,intentry,init,end_init -ppowerup=CODE -pcinit=CODE \
  -pfunctab=ENTRY -k C:\Users\user\AppData\Local\Temp\xcAs62o.o \
  dist/default/production\miniproj3.X.production.o 

Object code version is 3.11

Machine type is 16F887



                Name                               Link     Load   Length Selector   Space Scale
C:\Users\user\AppData\Local\Temp\xcAs62o.o
                end_init                              0        0        3        0       0
                config                             2007     2007        2        0       4
dist/default/production\miniproj3.X.production.o
                cinit                               7EA      7EA       16      FD4       0
                config                             2007     2007        2        0       4
                text4                               5F5      5F5       14      BEA       0
                text3                               5D5      5D5        D      BAA       0
                text2                               609      609       14      C12       0
                text1                               61D      61D       2D      C3A       0
                maintext                            68E      68E      15C      D1C       0
                cstackCOMMON                         74       74        3       70       1
                inittext                            5E2      5E2       13      BC4       0
                dataBANK0                            20       20       44       20       1
                bssCOMMON                            70       70        4       70       1
                idataBANK0                          64A      64A       44      C94       0

TOTAL           Name                               Link     Load   Length     Space
        CLASS   STACK          

        CLASS   CODE           
                end_init                              0        0        3         0
                cinit                               7EA      7EA       16         0
                text4                               5F5      5F5       14         0
                text3                               5D5      5D5        D         0
                text2                               609      609       14         0
                text1                               61D      61D       2D         0
                maintext                            68E      68E      15C         0
                inittext                            5E2      5E2       13         0
                idataBANK0                          64A      64A       44         0

        CLASS   STRCODE        

        CLASS   STRING         

        CLASS   CONST          

        CLASS   ENTRY          

        CLASS   COMMON         
                cstackCOMMON                         74       74        3         1
                bssCOMMON                            70       70        4         1

        CLASS   BANK0          
                dataBANK0                            20       20       44         1

        CLASS   BANK1          

        CLASS   BANK2          

        CLASS   BANK3          

        CLASS   RAM            

        CLASS   ABS1           
                abs_s1                               7E       7E        2         1

        CLASS   SFR0           

        CLASS   SFR1           

        CLASS   SFR2           

        CLASS   SFR3           

        CLASS   CONFIG         
                config                             2007     2007        2         4

        CLASS   IDLOC          

        CLASS   EEDATA         



SEGMENTS        Name                           Load    Length   Top    Selector   Space  Class     Delta

                reset_vec                      000000  000003  000003         0       0  CODE        2
                dataBANK0                      000020  000044  000064        20       1  BANK0       1
                bssCOMMON                      000070  000007  000077        70       1  COMMON      1
                text3                          0005D5  00000D  0005E2       BAA       0  CODE        2
                inittext                       0005E2  000013  0005F5       BC4       0  CODE        2
                text4                          0005F5  000014  000609       BEA       0  CODE        2
                text2                          000609  000014  00061D       C12       0  CODE        2
                text1                          00061D  00002D  00064A       C3A       0  CODE        2
                idataBANK0                     00064A  000044  00068E       C94       0  CODE        2
                maintext                       00068E  00015C  0007EA       D1C       0  CODE        2
                cinit                          0007EA  000016  000800       FD4       0  CODE        2


UNUSED ADDRESS RANGES

        Name                Unused          Largest block    Delta
        BANK0            0064-006F              C           1
        BANK1            00A0-00EF             50           1
        BANK2            0110-016F             60           1
        BANK3            0190-01EF             60           1
        CODE             0003-05D4            5D2           2
                         0800-1FFF            800
        COMMON           0077-007D              7           1
        CONST            0003-05D4            100           2
                         0800-1FFF            100
        EEDATA           2100-21FF            100           2
        ENTRY            0003-05D4            100           2
                         0800-1FFF            100
        IDLOC            2000-2003              4           2
        RAM              0064-006F              C           1
                         00A0-00EF             50
                         0110-016F             60
                         0190-01EF             60
        SFR0             0000-001F             20           1
        SFR1             0080-009F             20           1
        SFR2             0100-010F             10           1
        SFR3             0180-018F             10           1
        STACK            0110-016F             60           1
        STRCODE          0003-05D4            5D2           2
                         0800-1FFF           1800
        STRING           0003-05D4            100           2
                         0800-1FFF            100

                                  Symbol Table

_ADCON0                  (abs)        001F
_ADCON1                  (abs)        009F
_ANSELH                  (abs)        0189
_OSCCON                  (abs)        008F
_PORTAbits               (abs)        0005
_PORTBbits               (abs)        0006
_PORTCbits               (abs)        0007
_PORTD                   (abs)        0008
_PORTEbits               (abs)        0009
_TRISA                   (abs)        0085
_TRISB                   (abs)        0086
_TRISC                   (abs)        0087
_TRISD                   (abs)        0088
__Habs1                  abs1         0000
__Hbank0                 bank0        0000
__Hbank1                 bank1        0000
__Hbank2                 bank2        0000
__Hbank3                 bank3        0000
__HbssCOMMON             bssCOMMON    0000
__Hcinit                 cinit        0800
__Hclrtext               clrtext      0000
__Hcode                  code         0000
__Hcommon                common       0000
__Hconfig                config       2009
__HcstackCOMMON          cstackCOMMON 0000
__HdataBANK0             dataBANK0    0000
__Heeprom_data           eeprom_data  0000
__Hend_init              end_init     0003
__Hfunctab               functab      0000
__HidataBANK0            idataBANK0   0000
__Hinit                  init         0000
__Hinittext              inittext     0000
__Hintentry              intentry     0000
__Hmaintext              maintext     0000
__Hpowerup               powerup      0000
__Hram                   ram          0000
__Hreset_vec             reset_vec    0000
__Hsfr0                  sfr0         0000
__Hsfr1                  sfr1         0000
__Hsfr2                  sfr2         0000
__Hsfr3                  sfr3         0000
__Hspace_0               (abs)        0800
__Hspace_1               (abs)        0077
__Hspace_2               (abs)        0000
__Hspace_3               (abs)        0000
__Hspace_4               (abs)        4010
__Hstack                 stack        0000
__Hstrings               strings      0000
__Htext                  text         0000
__Labs1                  abs1         0000
__Lbank0                 bank0        0000
__Lbank1                 bank1        0000
__Lbank2                 bank2        0000
__Lbank3                 bank3        0000
__LbssCOMMON             bssCOMMON    0000
__Lcinit                 cinit        07EA
__Lclrtext               clrtext      0000
__Lcode                  code         0000
__Lcommon                common       0000
__Lconfig                config       0000
__LcstackCOMMON          cstackCOMMON 0000
__LdataBANK0             dataBANK0    0000
__Leeprom_data           eeprom_data  0000
__Lend_init              end_init     0000
__Lfunctab               functab      0000
__LidataBANK0            idataBANK0   0000
__Linit                  init         0000
__Linittext              inittext     0000
__Lintentry              intentry     0000
__Lmaintext              maintext     0000
__Lpowerup               powerup      0000
__Lram                   ram          0000
__Lreset_vec             reset_vec    0000
__Lsfr0                  sfr0         0000
__Lsfr1                  sfr1         0000
__Lsfr2                  sfr2         0000
__Lsfr3                  sfr3         0000
__Lspace_0               (abs)        0000
__Lspace_1               (abs)        0000
__Lspace_2               (abs)        0000
__Lspace_3               (abs)        0000
__Lspace_4               (abs)        0000
__Lstack                 stack        0000
__Lstrings               strings      0000
__Ltext                  text         0000
__S0                     (abs)        0800
__S1                     (abs)        0077
__S2                     (abs)        0000
__S3                     (abs)        0000
___int_sp                stack        0000
___latbits               (abs)        0002
___sp                    stack        0000
___stackhi               (abs)        0000
___stacklo               (abs)        0000
__end_of__initialization cinit        07FC
__end_of_lcdInit         text3        05E2
__end_of_lcdcmd          text4        0609
__end_of_lcddata         text2        061D
__end_of_main            maintext     07EA
__end_of_select_Item     text1        064A
__initialization         cinit        07EA
__pbssCOMMON             bssCOMMON    0070
__pcstackCOMMON          cstackCOMMON 0074
__pdataBANK0             dataBANK0    0020
__pidataBANK0            idataBANK0   064A
__pmaintext              maintext     068E
__ptext1                 text1        061D
__ptext2                 text2        0609
__ptext3                 text3        05D5
__ptext4                 text4        05F5
__size_of_lcdInit        (abs)        0000
__size_of_lcdcmd         (abs)        0000
__size_of_lcddata        (abs)        0000
__size_of_main           (abs)        0000
__size_of_select_Item    (abs)        0000
_i                       bssCOMMON    0070
_lcdInit                 text3        05D5
_lcdcmd                  text4        05F5
_lcddata                 text2        0609
_main                    maintext     068E
_s1                      dataBANK0    0053
_s2                      dataBANK0    0042
_s3                      dataBANK0    0031
_s4                      dataBANK0    0020
_select_Item             text1        061D
btemp                    (abs)        007E
end_of_initialization    cinit        07FC
init_fetch0              inittext     05E2
init_ram0                inittext     05E6
intlevel0                functab      0000
intlevel1                functab      0000
intlevel2                functab      0000
intlevel3                functab      0000
intlevel4                functab      0000
intlevel5                functab      0000
lcdcmd@d1                cstackCOMMON 0076
lcddata@d2               cstackCOMMON 0076
reset_vec                reset_vec    0000
start                    init         0000
start_initialization     cinit        07EA
wtemp0                   (abs)        007E


MODULE INFORMATION

Module		Function		Class		Link	Load	Size
miniproj3.c
		_select_Item   		CODE           	061D	0000	45
		_main          		CODE           	068E	0000	348
		_lcdcmd        		CODE           	05F5	0000	20
		_lcddata       		CODE           	0609	0000	20
		_lcdInit       		CODE           	05D5	0000	13

miniproj3.c estimated size: 446

shared
		__initialization		CODE           	07EA	0000	18

shared estimated size: 18

